Archive member included to satisfy reference by file (symbol)

c:/progra~2/gnuarm~1/102020~1/bin/../lib/gcc/arm-none-eabi/10.2.1/thumb/v6-m/nofp\libgcc.a(_udivsi3.o)
                              CMakeFiles/ws2812_board.elf.dir/Core/Src/system_stm32f0xx.c.obj (__aeabi_uidiv)
c:/progra~2/gnuarm~1/102020~1/bin/../lib/gcc/arm-none-eabi/10.2.1/thumb/v6-m/nofp\libgcc.a(_dvmd_tls.o)
                              c:/progra~2/gnuarm~1/102020~1/bin/../lib/gcc/arm-none-eabi/10.2.1/thumb/v6-m/nofp\libgcc.a(_udivsi3.o) (__aeabi_idiv0)
c:/progra~2/gnuarm~1/102020~1/bin/../lib/gcc/arm-none-eabi/10.2.1/../../../../arm-none-eabi/lib/thumb/v6-m/nofp\libg.a(lib_a-errno.o)
                              CMakeFiles/ws2812_board.elf.dir/Core/Src/syscalls.c.obj (__errno)
c:/progra~2/gnuarm~1/102020~1/bin/../lib/gcc/arm-none-eabi/10.2.1/../../../../arm-none-eabi/lib/thumb/v6-m/nofp\libg.a(lib_a-exit.o)
                              c:/progra~2/gnuarm~1/102020~1/bin/../lib/gcc/arm-none-eabi/10.2.1/../../../../arm-none-eabi/lib/thumb/v6-m/nofp/crt0.o (exit)
c:/progra~2/gnuarm~1/102020~1/bin/../lib/gcc/arm-none-eabi/10.2.1/../../../../arm-none-eabi/lib/thumb/v6-m/nofp\libg.a(lib_a-impure.o)
                              c:/progra~2/gnuarm~1/102020~1/bin/../lib/gcc/arm-none-eabi/10.2.1/../../../../arm-none-eabi/lib/thumb/v6-m/nofp\libg.a(lib_a-exit.o) (_global_impure_ptr)
c:/progra~2/gnuarm~1/102020~1/bin/../lib/gcc/arm-none-eabi/10.2.1/../../../../arm-none-eabi/lib/thumb/v6-m/nofp\libg.a(lib_a-init.o)
                              c:/progra~2/gnuarm~1/102020~1/bin/../lib/gcc/arm-none-eabi/10.2.1/../../../../arm-none-eabi/lib/thumb/v6-m/nofp/crt0.o (__libc_init_array)
c:/progra~2/gnuarm~1/102020~1/bin/../lib/gcc/arm-none-eabi/10.2.1/../../../../arm-none-eabi/lib/thumb/v6-m/nofp\libg.a(lib_a-memset.o)
                              c:/progra~2/gnuarm~1/102020~1/bin/../lib/gcc/arm-none-eabi/10.2.1/../../../../arm-none-eabi/lib/thumb/v6-m/nofp/crt0.o (memset)
c:/progra~2/gnuarm~1/102020~1/bin/../lib/gcc/arm-none-eabi/10.2.1/../../../../arm-none-eabi/lib/thumb/v6-m/nofp\libg.a(lib_a-__call_atexit.o)
                              c:/progra~2/gnuarm~1/102020~1/bin/../lib/gcc/arm-none-eabi/10.2.1/../../../../arm-none-eabi/lib/thumb/v6-m/nofp\libg.a(lib_a-exit.o) (__call_exitprocs)
c:/progra~2/gnuarm~1/102020~1/bin/../lib/gcc/arm-none-eabi/10.2.1/../../../../arm-none-eabi/lib/thumb/v6-m/nofp\libg.a(lib_a-atexit.o)
                              c:/progra~2/gnuarm~1/102020~1/bin/../lib/gcc/arm-none-eabi/10.2.1/../../../../arm-none-eabi/lib/thumb/v6-m/nofp\libg.a(lib_a-__call_atexit.o) (atexit)
c:/progra~2/gnuarm~1/102020~1/bin/../lib/gcc/arm-none-eabi/10.2.1/../../../../arm-none-eabi/lib/thumb/v6-m/nofp\libg.a(lib_a-fini.o)
                              c:/progra~2/gnuarm~1/102020~1/bin/../lib/gcc/arm-none-eabi/10.2.1/../../../../arm-none-eabi/lib/thumb/v6-m/nofp\libg.a(lib_a-__call_atexit.o) (__libc_fini_array)
c:/progra~2/gnuarm~1/102020~1/bin/../lib/gcc/arm-none-eabi/10.2.1/../../../../arm-none-eabi/lib/thumb/v6-m/nofp\libg.a(lib_a-lock.o)
                              c:/progra~2/gnuarm~1/102020~1/bin/../lib/gcc/arm-none-eabi/10.2.1/../../../../arm-none-eabi/lib/thumb/v6-m/nofp\libg.a(lib_a-__call_atexit.o) (__retarget_lock_acquire_recursive)
c:/progra~2/gnuarm~1/102020~1/bin/../lib/gcc/arm-none-eabi/10.2.1/../../../../arm-none-eabi/lib/thumb/v6-m/nofp\libg.a(lib_a-__atexit.o)
                              c:/progra~2/gnuarm~1/102020~1/bin/../lib/gcc/arm-none-eabi/10.2.1/../../../../arm-none-eabi/lib/thumb/v6-m/nofp\libg.a(lib_a-atexit.o) (__register_exitproc)

Discarded input sections

 .text          0x00000000        0x0 c:/progra~2/gnuarm~1/102020~1/bin/../lib/gcc/arm-none-eabi/10.2.1/thumb/v6-m/nofp/crti.o
 .data          0x00000000        0x0 c:/progra~2/gnuarm~1/102020~1/bin/../lib/gcc/arm-none-eabi/10.2.1/thumb/v6-m/nofp/crti.o
 .bss           0x00000000        0x0 c:/progra~2/gnuarm~1/102020~1/bin/../lib/gcc/arm-none-eabi/10.2.1/thumb/v6-m/nofp/crti.o
 .data          0x00000000        0x4 c:/progra~2/gnuarm~1/102020~1/bin/../lib/gcc/arm-none-eabi/10.2.1/thumb/v6-m/nofp/crtbegin.o
 .rodata        0x00000000       0x24 c:/progra~2/gnuarm~1/102020~1/bin/../lib/gcc/arm-none-eabi/10.2.1/thumb/v6-m/nofp/crtbegin.o
 .text          0x00000000       0x80 c:/progra~2/gnuarm~1/102020~1/bin/../lib/gcc/arm-none-eabi/10.2.1/../../../../arm-none-eabi/lib/thumb/v6-m/nofp/crt0.o
 .data          0x00000000        0x0 c:/progra~2/gnuarm~1/102020~1/bin/../lib/gcc/arm-none-eabi/10.2.1/../../../../arm-none-eabi/lib/thumb/v6-m/nofp/crt0.o
 .bss           0x00000000        0x0 c:/progra~2/gnuarm~1/102020~1/bin/../lib/gcc/arm-none-eabi/10.2.1/../../../../arm-none-eabi/lib/thumb/v6-m/nofp/crt0.o
 .ARM.extab     0x00000000        0x0 c:/progra~2/gnuarm~1/102020~1/bin/../lib/gcc/arm-none-eabi/10.2.1/../../../../arm-none-eabi/lib/thumb/v6-m/nofp/crt0.o
[...]
Memory Configuration

Name             Origin             Length             Attributes
RAM              0x20000000         0x00001800         xrw
FLASH            0x08000000         0x00008000         xr
*default*        0x00000000         0xffffffff

Linker script and memory map

LOAD c:/progra~2/gnuarm~1/102020~1/bin/../lib/gcc/arm-none-eabi/10.2.1/thumb/v6-m/nofp/crti.o
LOAD c:/progra~2/gnuarm~1/102020~1/bin/../lib/gcc/arm-none-eabi/10.2.1/thumb/v6-m/nofp/crtbegin.o
LOAD c:/progra~2/gnuarm~1/102020~1/bin/../lib/gcc/arm-none-eabi/10.2.1/../../../../arm-none-eabi/lib/thumb/v6-m/nofp/crt0.o
LOAD CMakeFiles/ws2812_board.elf.dir/Core/Src/dma.c.obj
LOAD CMakeFiles/ws2812_board.elf.dir/Core/Src/gpio.c.obj
LOAD CMakeFiles/ws2812_board.elf.dir/Core/Src/i2c.c.obj
LOAD CMakeFiles/ws2812_board.elf.dir/Core/Src/main.c.obj
LOAD CMakeFiles/ws2812_board.elf.dir/Core/Src/spi.c.obj
LOAD CMakeFiles/ws2812_board.elf.dir/Core/Src/stm32f0xx_hal_msp.c.obj
LOAD CMakeFiles/ws2812_board.elf.dir/Core/Src/stm32f0xx_it.c.obj
LOAD CMakeFiles/ws2812_board.elf.dir/Core/Src/syscalls.c.obj
LOAD CMakeFiles/ws2812_board.elf.dir/Core/Src/system_stm32f0xx.c.obj
LOAD CMakeFiles/ws2812_board.elf.dir/Core/Src/tim.c.obj
LOAD CMakeFiles/ws2812_board.elf.dir/Core/Src/usart.c.obj
LOAD CMakeFiles/ws2812_board.elf.dir/Drivers/STM32F0xx_HAL_Driver/Src/stm32f0xx_hal.c.obj
LOAD CMakeFiles/ws2812_board.elf.dir/Drivers/STM32F0xx_HAL_Driver/Src/stm32f0xx_hal_cortex.c.obj
LOAD CMakeFiles/ws2812_board.elf.dir/Drivers/STM32F0xx_HAL_Driver/Src/stm32f0xx_hal_dma.c.obj
LOAD CMakeFiles/ws2812_board.elf.dir/Drivers/STM32F0xx_HAL_Driver/Src/stm32f0xx_hal_exti.c.obj
LOAD CMakeFiles/ws2812_board.elf.dir/Drivers/STM32F0xx_HAL_Driver/Src/stm32f0xx_hal_flash.c.obj
LOAD CMakeFiles/ws2812_board.elf.dir/Drivers/STM32F0xx_HAL_Driver/Src/stm32f0xx_hal_flash_ex.c.obj
LOAD CMakeFiles/ws2812_board.elf.dir/Drivers/STM32F0xx_HAL_Driver/Src/stm32f0xx_hal_gpio.c.obj
LOAD CMakeFiles/ws2812_board.elf.dir/Drivers/STM32F0xx_HAL_Driver/Src/stm32f0xx_hal_i2c.c.obj
LOAD CMakeFiles/ws2812_board.elf.dir/Drivers/STM32F0xx_HAL_Driver/Src/stm32f0xx_hal_i2c_ex.c.obj
LOAD CMakeFiles/ws2812_board.elf.dir/Drivers/STM32F0xx_HAL_Driver/Src/stm32f0xx_hal_pwr.c.obj
LOAD CMakeFiles/ws2812_board.elf.dir/Drivers/STM32F0xx_HAL_Driver/Src/stm32f0xx_hal_pwr_ex.c.obj
LOAD CMakeFiles/ws2812_board.elf.dir/Drivers/STM32F0xx_HAL_Driver/Src/stm32f0xx_hal_rcc.c.obj
LOAD CMakeFiles/ws2812_board.elf.dir/Drivers/STM32F0xx_HAL_Driver/Src/stm32f0xx_hal_rcc_ex.c.obj
LOAD CMakeFiles/ws2812_board.elf.dir/Drivers/STM32F0xx_HAL_Driver/Src/stm32f0xx_hal_spi.c.obj
LOAD CMakeFiles/ws2812_board.elf.dir/Drivers/STM32F0xx_HAL_Driver/Src/stm32f0xx_hal_spi_ex.c.obj
LOAD CMakeFiles/ws2812_board.elf.dir/Drivers/STM32F0xx_HAL_Driver/Src/stm32f0xx_hal_tim.c.obj
LOAD CMakeFiles/ws2812_board.elf.dir/Drivers/STM32F0xx_HAL_Driver/Src/stm32f0xx_hal_tim_ex.c.obj
LOAD CMakeFiles/ws2812_board.elf.dir/Drivers/STM32F0xx_HAL_Driver/Src/stm32f0xx_hal_uart.c.obj
LOAD CMakeFiles/ws2812_board.elf.dir/Drivers/STM32F0xx_HAL_Driver/Src/stm32f0xx_hal_uart_ex.c.obj
LOAD CMakeFiles/ws2812_board.elf.dir/UserFile/OLED/oled.c.obj
LOAD CMakeFiles/ws2812_board.elf.dir/UserFile/ws2812b.c.obj
LOAD CMakeFiles/ws2812_board.elf.dir/startup/startup_stm32f070x6.s.obj
START GROUP
LOAD c:/progra~2/gnuarm~1/102020~1/bin/../lib/gcc/arm-none-eabi/10.2.1/thumb/v6-m/nofp\libgcc.a
LOAD c:/progra~2/gnuarm~1/102020~1/bin/../lib/gcc/arm-none-eabi/10.2.1/../../../../arm-none-eabi/lib/thumb/v6-m/nofp\libg.a
LOAD c:/progra~2/gnuarm~1/102020~1/bin/../lib/gcc/arm-none-eabi/10.2.1/../../../../arm-none-eabi/lib/thumb/v6-m/nofp\libc.a
END GROUP
LOAD c:/progra~2/gnuarm~1/102020~1/bin/../lib/gcc/arm-none-eabi/10.2.1/thumb/v6-m/nofp/crtend.o
LOAD c:/progra~2/gnuarm~1/102020~1/bin/../lib/gcc/arm-none-eabi/10.2.1/thumb/v6-m/nofp/crtn.o
                0x20001800                _estack = 0x20001800
                0x00000200                _Min_Heap_Size = 0x200
                0x00000400                _Min_Stack_Size = 0x400

.isr_vector     0x08000000       0xc0
                0x08000000                . = ALIGN (0x4)
 *(.isr_vector)
 .isr_vector    0x08000000       0xc0 CMakeFiles/ws2812_board.elf.dir/startup/startup_stm32f070x6.s.obj
                0x08000000                g_pfnVectors
                0x080000c0                . = ALIGN (0x4)

.text           0x080000c0     0x2c5c
                0x080000c0                . = ALIGN (0x4)
 *(.text)
 .text          0x080000c0       0x48 c:/progra~2/gnuarm~1/102020~1/bin/../lib/gcc/arm-none-eabi/10.2.1/thumb/v6-m/nofp/crtbegin.o
 .text          0x08000108      0x114 c:/progra~2/gnuarm~1/102020~1/bin/../lib/gcc/arm-none-eabi/10.2.1/thumb/v6-m/nofp\libgcc.a(_udivsi3.o)
                0x08000108                __aeabi_uidiv
                0x08000108                __udivsi3
                0x08000214                __aeabi_uidivmod
 .text          0x0800021c        0x4 c:/progra~2/gnuarm~1/102020~1/bin/../lib/gcc/arm-none-eabi/10.2.1/thumb/v6-m/nofp\libgcc.a(_dvmd_tls.o)
                0x0800021c                __aeabi_idiv0
                0x0800021c                __aeabi_ldiv0
 *(.text*)
 .text.MX_DMA_Init
                0x08000220       0x30 CMakeFiles/ws2812_board.elf.dir/Core/Src/dma.c.obj
                0x08000220                MX_DMA_Init
 .text.MX_GPIO_Init
                0x08000250       0x74 CMakeFiles/ws2812_board.elf.dir/Core/Src/gpio.c.obj
                0x08000250                MX_GPIO_Init
 .text.MX_I2C1_Init
                0x080002c4       0x60 CMakeFiles/ws2812_board.elf.dir/Core/Src/i2c.c.obj
                0x080002c4                MX_I2C1_Init
 .text.HAL_I2C_MspInit
                0x08000324       0x6c CMakeFiles/ws2812_board.elf.dir/Core/Src/i2c.c.obj
                0x08000324                HAL_I2C_MspInit
 .text.Error_Handler
                0x08000390        0x4 CMakeFiles/ws2812_board.elf.dir/Core/Src/main.c.obj
                0x08000390                Error_Handler
 .text.SystemClock_Config
                0x08000394       0x86 CMakeFiles/ws2812_board.elf.dir/Core/Src/main.c.obj
                0x08000394                SystemClock_Config
 *fill*         0x0800041a        0x2 
 .text.main     0x0800041c       0xd8 CMakeFiles/ws2812_board.elf.dir/Core/Src/main.c.obj
                0x0800041c                main
 .text.MX_SPI1_Init
                0x080004f4       0x50 CMakeFiles/ws2812_board.elf.dir/Core/Src/spi.c.obj
                0x080004f4                MX_SPI1_Init
 .text.HAL_SPI_MspInit
                0x08000544       0x64 CMakeFiles/ws2812_board.elf.dir/Core/Src/spi.c.obj
                0x08000544                HAL_SPI_MspInit
 .text.HAL_MspInit
                0x080005a8       0x30 CMakeFiles/ws2812_board.elf.dir/Core/Src/stm32f0xx_hal_msp.c.obj
                0x080005a8                HAL_MspInit
 .text.NMI_Handler
                0x080005d8        0x2 CMakeFiles/ws2812_board.elf.dir/Core/Src/stm32f0xx_it.c.obj
                0x080005d8                NMI_Handler
 .text.HardFault_Handler
                0x080005da        0x2 CMakeFiles/ws2812_board.elf.dir/Core/Src/stm32f0xx_it.c.obj
                0x080005da                HardFault_Handler
 .text.SVC_Handler
                0x080005dc        0x2 CMakeFiles/ws2812_board.elf.dir/Core/Src/stm32f0xx_it.c.obj
                0x080005dc                SVC_Handler
 .text.PendSV_Handler
                0x080005de        0x2 CMakeFiles/ws2812_board.elf.dir/Core/Src/stm32f0xx_it.c.obj
                0x080005de                PendSV_Handler
 .text.SysTick_Handler
                0x080005e0        0x8 CMakeFiles/ws2812_board.elf.dir/Core/Src/stm32f0xx_it.c.obj
                0x080005e0                SysTick_Handler
 .text.DMA1_Channel2_3_IRQHandler
                0x080005e8       0x10 CMakeFiles/ws2812_board.elf.dir/Core/Src/stm32f0xx_it.c.obj
                0x080005e8                DMA1_Channel2_3_IRQHandler
 .text.TIM3_IRQHandler
                0x080005f8       0x10 CMakeFiles/ws2812_board.elf.dir/Core/Src/stm32f0xx_it.c.obj
                0x080005f8                TIM3_IRQHandler
 .text.SystemInit
                0x08000608        0x2 CMakeFiles/ws2812_board.elf.dir/Core/Src/system_stm32f0xx.c.obj
                0x08000608                SystemInit
 *fill*         0x0800060a        0x2 
 .text.HAL_TIM_Base_MspInit
                0x0800060c       0x84 CMakeFiles/ws2812_board.elf.dir/Core/Src/tim.c.obj
                0x0800060c                HAL_TIM_Base_MspInit
 .text.HAL_TIM_MspPostInit
                0x08000690       0x50 CMakeFiles/ws2812_board.elf.dir/Core/Src/tim.c.obj
                0x08000690                HAL_TIM_MspPostInit
 .text.MX_TIM3_Init
                0x080006e0       0xb8 CMakeFiles/ws2812_board.elf.dir/Core/Src/tim.c.obj
                0x080006e0                MX_TIM3_Init
 .text.MX_USART2_UART_Init
                0x08000798       0x3c CMakeFiles/ws2812_board.elf.dir/Core/Src/usart.c.obj
                0x08000798                MX_USART2_UART_Init
 .text.HAL_UART_MspInit
                0x080007d4       0x64 CMakeFiles/ws2812_board.elf.dir/Core/Src/usart.c.obj
                0x080007d4                HAL_UART_MspInit
 .text.HAL_InitTick
                0x08000838       0x50 CMakeFiles/ws2812_board.elf.dir/Drivers/STM32F0xx_HAL_Driver/Src/stm32f0xx_hal.c.obj
                0x08000838                HAL_InitTick
 .text.HAL_Init
                0x08000888       0x20 CMakeFiles/ws2812_board.elf.dir/Drivers/STM32F0xx_HAL_Driver/Src/stm32f0xx_hal.c.obj
                0x08000888                HAL_Init
 .text.HAL_IncTick
                0x080008a8       0x18 CMakeFiles/ws2812_board.elf.dir/Drivers/STM32F0xx_HAL_Driver/Src/stm32f0xx_hal.c.obj
                0x080008a8                HAL_IncTick
 .text.HAL_GetTick
                0x080008c0        0xc CMakeFiles/ws2812_board.elf.dir/Drivers/STM32F0xx_HAL_Driver/Src/stm32f0xx_hal.c.obj
                0x080008c0                HAL_GetTick
 .text.HAL_Delay
                0x080008cc       0x24 CMakeFiles/ws2812_board.elf.dir/Drivers/STM32F0xx_HAL_Driver/Src/stm32f0xx_hal.c.obj
                0x080008cc                HAL_Delay
 .text.HAL_NVIC_SetPriority
                0x080008f0       0x60 CMakeFiles/ws2812_board.elf.dir/Drivers/STM32F0xx_HAL_Driver/Src/stm32f0xx_hal_cortex.c.obj
                0x080008f0                HAL_NVIC_SetPriority
 .text.HAL_NVIC_EnableIRQ
                0x08000950       0x18 CMakeFiles/ws2812_board.elf.dir/Drivers/STM32F0xx_HAL_Driver/Src/stm32f0xx_hal_cortex.c.obj
                0x08000950                HAL_NVIC_EnableIRQ
 .text.HAL_SYSTICK_Config
                0x08000968       0x38 CMakeFiles/ws2812_board.elf.dir/Drivers/STM32F0xx_HAL_Driver/Src/stm32f0xx_hal_cortex.c.obj
                0x08000968                HAL_SYSTICK_Config
 .text.DMA_CalcBaseAndBitshift
                0x080009a0       0x28 CMakeFiles/ws2812_board.elf.dir/Drivers/STM32F0xx_HAL_Driver/Src/stm32f0xx_hal_dma.c.obj
 .text.HAL_DMA_Init
                0x080009c8       0x50 CMakeFiles/ws2812_board.elf.dir/Drivers/STM32F0xx_HAL_Driver/Src/stm32f0xx_hal_dma.c.obj
                0x080009c8                HAL_DMA_Init
 .text.HAL_DMA_Abort_IT
                0x08000a18       0x4a CMakeFiles/ws2812_board.elf.dir/Drivers/STM32F0xx_HAL_Driver/Src/stm32f0xx_hal_dma.c.obj
                0x08000a18                HAL_DMA_Abort_IT
 .text.HAL_DMA_IRQHandler
                0x08000a62       0xaa CMakeFiles/ws2812_board.elf.dir/Drivers/STM32F0xx_HAL_Driver/Src/stm32f0xx_hal_dma.c.obj
                0x08000a62                HAL_DMA_IRQHandler
 .text.HAL_GPIO_Init
                0x08000b0c      0x190 CMakeFiles/ws2812_board.elf.dir/Drivers/STM32F0xx_HAL_Driver/Src/stm32f0xx_hal_gpio.c.obj
                0x08000b0c                HAL_GPIO_Init
 .text.HAL_GPIO_WritePin
                0x08000c9c        0xc CMakeFiles/ws2812_board.elf.dir/Drivers/STM32F0xx_HAL_Driver/Src/stm32f0xx_hal_gpio.c.obj
                0x08000c9c                HAL_GPIO_WritePin
 .text.HAL_I2C_Init
                0x08000ca8       0xcc CMakeFiles/ws2812_board.elf.dir/Drivers/STM32F0xx_HAL_Driver/Src/stm32f0xx_hal_i2c.c.obj
                0x08000ca8                HAL_I2C_Init
 .text.HAL_I2CEx_ConfigAnalogFilter
                0x08000d74       0x58 CMakeFiles/ws2812_board.elf.dir/Drivers/STM32F0xx_HAL_Driver/Src/stm32f0xx_hal_i2c_ex.c.obj
                0x08000d74                HAL_I2CEx_ConfigAnalogFilter
 .text.HAL_I2CEx_ConfigDigitalFilter
                0x08000dcc       0x54 CMakeFiles/ws2812_board.elf.dir/Drivers/STM32F0xx_HAL_Driver/Src/stm32f0xx_hal_i2c_ex.c.obj
                0x08000dcc                HAL_I2CEx_ConfigDigitalFilter
 .text.HAL_RCC_OscConfig
                0x08000e20      0x4b0 CMakeFiles/ws2812_board.elf.dir/Drivers/STM32F0xx_HAL_Driver/Src/stm32f0xx_hal_rcc.c.obj
                0x08000e20                HAL_RCC_OscConfig
 .text.HAL_RCC_GetSysClockFreq
                0x080012d0       0x80 CMakeFiles/ws2812_board.elf.dir/Drivers/STM32F0xx_HAL_Driver/Src/stm32f0xx_hal_rcc.c.obj
                0x080012d0                HAL_RCC_GetSysClockFreq
 .text.HAL_RCC_ClockConfig
                0x08001350      0x134 CMakeFiles/ws2812_board.elf.dir/Drivers/STM32F0xx_HAL_Driver/Src/stm32f0xx_hal_rcc.c.obj
                0x08001350                HAL_RCC_ClockConfig
 .text.HAL_RCC_GetHCLKFreq
                0x08001484        0xc CMakeFiles/ws2812_board.elf.dir/Drivers/STM32F0xx_HAL_Driver/Src/stm32f0xx_hal_rcc.c.obj
                0x08001484                HAL_RCC_GetHCLKFreq
 .text.HAL_RCC_GetPCLK1Freq
                0x08001490       0x20 CMakeFiles/ws2812_board.elf.dir/Drivers/STM32F0xx_HAL_Driver/Src/stm32f0xx_hal_rcc.c.obj
                0x08001490                HAL_RCC_GetPCLK1Freq
 .text.HAL_RCCEx_PeriphCLKConfig
                0x080014b0      0x130 CMakeFiles/ws2812_board.elf.dir/Drivers/STM32F0xx_HAL_Driver/Src/stm32f0xx_hal_rcc_ex.c.obj
                0x080014b0                HAL_RCCEx_PeriphCLKConfig
 .text.SPI_WaitFlagStateUntilTimeout
                0x080015e0       0xe8 CMakeFiles/ws2812_board.elf.dir/Drivers/STM32F0xx_HAL_Driver/Src/stm32f0xx_hal_spi.c.obj
 .text.SPI_WaitFifoStateUntilTimeout
                0x080016c8       0xfc CMakeFiles/ws2812_board.elf.dir/Drivers/STM32F0xx_HAL_Driver/Src/stm32f0xx_hal_spi.c.obj
 .text.SPI_EndRxTxTransaction
                0x080017c4       0x68 CMakeFiles/ws2812_board.elf.dir/Drivers/STM32F0xx_HAL_Driver/Src/stm32f0xx_hal_spi.c.obj
 .text.HAL_SPI_Init
                0x0800182c      0x104 CMakeFiles/ws2812_board.elf.dir/Drivers/STM32F0xx_HAL_Driver/Src/stm32f0xx_hal_spi.c.obj
                0x0800182c                HAL_SPI_Init
 .text.HAL_SPI_Transmit
                0x08001930      0x1b2 CMakeFiles/ws2812_board.elf.dir/Drivers/STM32F0xx_HAL_Driver/Src/stm32f0xx_hal_spi.c.obj
                0x08001930                HAL_SPI_Transmit
 *fill*         0x08001ae2        0x2 
 .text.TIM_OC1_SetConfig
                0x08001ae4       0x78 CMakeFiles/ws2812_board.elf.dir/Drivers/STM32F0xx_HAL_Driver/Src/stm32f0xx_hal_tim.c.obj
 .text.TIM_OC3_SetConfig
                0x08001b5c       0x88 CMakeFiles/ws2812_board.elf.dir/Drivers/STM32F0xx_HAL_Driver/Src/stm32f0xx_hal_tim.c.obj
 .text.TIM_OC4_SetConfig
                0x08001be4       0x68 CMakeFiles/ws2812_board.elf.dir/Drivers/STM32F0xx_HAL_Driver/Src/stm32f0xx_hal_tim.c.obj
 .text.TIM_TI1_ConfigInputStage
                0x08001c4c       0x22 CMakeFiles/ws2812_board.elf.dir/Drivers/STM32F0xx_HAL_Driver/Src/stm32f0xx_hal_tim.c.obj
 *fill*         0x08001c6e        0x2 
 .text.TIM_TI2_ConfigInputStage
                0x08001c70       0x28 CMakeFiles/ws2812_board.elf.dir/Drivers/STM32F0xx_HAL_Driver/Src/stm32f0xx_hal_tim.c.obj
 .text.TIM_ITRx_SetConfig
                0x08001c98       0x10 CMakeFiles/ws2812_board.elf.dir/Drivers/STM32F0xx_HAL_Driver/Src/stm32f0xx_hal_tim.c.obj
 .text.HAL_TIM_PWM_MspInit
                0x08001ca8        0x2 CMakeFiles/ws2812_board.elf.dir/Drivers/STM32F0xx_HAL_Driver/Src/stm32f0xx_hal_tim.c.obj
                0x08001ca8                HAL_TIM_PWM_MspInit
 .text.HAL_TIM_PeriodElapsedCallback
                0x08001caa        0x2 CMakeFiles/ws2812_board.elf.dir/Drivers/STM32F0xx_HAL_Driver/Src/stm32f0xx_hal_tim.c.obj
                0x08001caa                HAL_TIM_PeriodElapsedCallback
 .text.HAL_TIM_OC_DelayElapsedCallback
                0x08001cac        0x2 CMakeFiles/ws2812_board.elf.dir/Drivers/STM32F0xx_HAL_Driver/Src/stm32f0xx_hal_tim.c.obj
                0x08001cac                HAL_TIM_OC_DelayElapsedCallback
 .text.HAL_TIM_IC_CaptureCallback
                0x08001cae        0x2 CMakeFiles/ws2812_board.elf.dir/Drivers/STM32F0xx_HAL_Driver/Src/stm32f0xx_hal_tim.c.obj
                0x08001cae                HAL_TIM_IC_CaptureCallback
 .text.HAL_TIM_TriggerCallback
                0x08001cb0        0x2 CMakeFiles/ws2812_board.elf.dir/Drivers/STM32F0xx_HAL_Driver/Src/stm32f0xx_hal_tim.c.obj
                0x08001cb0                HAL_TIM_TriggerCallback
 .text.HAL_TIM_IRQHandler
                0x08001cb2      0x15a CMakeFiles/ws2812_board.elf.dir/Drivers/STM32F0xx_HAL_Driver/Src/stm32f0xx_hal_tim.c.obj
                0x08001cb2                HAL_TIM_IRQHandler
 .text.TIM_Base_SetConfig
                0x08001e0c       0x84 CMakeFiles/ws2812_board.elf.dir/Drivers/STM32F0xx_HAL_Driver/Src/stm32f0xx_hal_tim.c.obj
                0x08001e0c                TIM_Base_SetConfig
 .text.HAL_TIM_Base_Init
                0x08001e90       0x58 CMakeFiles/ws2812_board.elf.dir/Drivers/STM32F0xx_HAL_Driver/Src/stm32f0xx_hal_tim.c.obj
                0x08001e90                HAL_TIM_Base_Init
 .text.HAL_TIM_PWM_Init
                0x08001ee8       0x58 CMakeFiles/ws2812_board.elf.dir/Drivers/STM32F0xx_HAL_Driver/Src/stm32f0xx_hal_tim.c.obj
                0x08001ee8                HAL_TIM_PWM_Init
 .text.TIM_OC2_SetConfig
                0x08001f40       0x80 CMakeFiles/ws2812_board.elf.dir/Drivers/STM32F0xx_HAL_Driver/Src/stm32f0xx_hal_tim.c.obj
                0x08001f40                TIM_OC2_SetConfig
 .text.HAL_TIM_PWM_ConfigChannel
                0x08001fc0       0xe0 CMakeFiles/ws2812_board.elf.dir/Drivers/STM32F0xx_HAL_Driver/Src/stm32f0xx_hal_tim.c.obj
                0x08001fc0                HAL_TIM_PWM_ConfigChannel
 .text.TIM_ETR_SetConfig
                0x080020a0       0x18 CMakeFiles/ws2812_board.elf.dir/Drivers/STM32F0xx_HAL_Driver/Src/stm32f0xx_hal_tim.c.obj
                0x080020a0                TIM_ETR_SetConfig
 .text.HAL_TIM_ConfigClockSource
                0x080020b8       0xe4 CMakeFiles/ws2812_board.elf.dir/Drivers/STM32F0xx_HAL_Driver/Src/stm32f0xx_hal_tim.c.obj
                0x080020b8                HAL_TIM_ConfigClockSource
 .text.TIM_CCxChannelCmd
                0x0800219c       0x1a CMakeFiles/ws2812_board.elf.dir/Drivers/STM32F0xx_HAL_Driver/Src/stm32f0xx_hal_tim.c.obj
                0x0800219c                TIM_CCxChannelCmd
 *fill*         0x080021b6        0x2 
 .text.HAL_TIM_PWM_Stop_DMA
                0x080021b8      0x108 CMakeFiles/ws2812_board.elf.dir/Drivers/STM32F0xx_HAL_Driver/Src/stm32f0xx_hal_tim.c.obj
                0x080021b8                HAL_TIM_PWM_Stop_DMA
 .text.HAL_TIMEx_MasterConfigSynchronization
                0x080022c0       0x5c CMakeFiles/ws2812_board.elf.dir/Drivers/STM32F0xx_HAL_Driver/Src/stm32f0xx_hal_tim_ex.c.obj
                0x080022c0                HAL_TIMEx_MasterConfigSynchronization
 .text.HAL_TIMEx_CommutCallback
                0x0800231c        0x2 CMakeFiles/ws2812_board.elf.dir/Drivers/STM32F0xx_HAL_Driver/Src/stm32f0xx_hal_tim_ex.c.obj
                0x0800231c                HAL_TIMEx_CommutCallback
 .text.HAL_TIMEx_BreakCallback
                0x0800231e        0x2 CMakeFiles/ws2812_board.elf.dir/Drivers/STM32F0xx_HAL_Driver/Src/stm32f0xx_hal_tim_ex.c.obj
                0x0800231e                HAL_TIMEx_BreakCallback
 .text.UART_SetConfig
                0x08002320      0x17c CMakeFiles/ws2812_board.elf.dir/Drivers/STM32F0xx_HAL_Driver/Src/stm32f0xx_hal_uart.c.obj
                0x08002320                UART_SetConfig
 .text.UART_AdvFeatureConfig
                0x0800249c       0xe0 CMakeFiles/ws2812_board.elf.dir/Drivers/STM32F0xx_HAL_Driver/Src/stm32f0xx_hal_uart.c.obj
                0x0800249c                UART_AdvFeatureConfig
 .text.UART_WaitOnFlagUntilTimeout
                0x0800257c       0xb0 CMakeFiles/ws2812_board.elf.dir/Drivers/STM32F0xx_HAL_Driver/Src/stm32f0xx_hal_uart.c.obj
                0x0800257c                UART_WaitOnFlagUntilTimeout
 .text.UART_CheckIdleState
                0x0800262c       0x70 CMakeFiles/ws2812_board.elf.dir/Drivers/STM32F0xx_HAL_Driver/Src/stm32f0xx_hal_uart.c.obj
                0x0800262c                UART_CheckIdleState
 .text.HAL_UART_Init
                0x0800269c       0x6c CMakeFiles/ws2812_board.elf.dir/Drivers/STM32F0xx_HAL_Driver/Src/stm32f0xx_hal_uart.c.obj
                0x0800269c                HAL_UART_Init
 .text.OLED_WR_Byte
                0x08002708       0x48 CMakeFiles/ws2812_board.elf.dir/UserFile/OLED/oled.c.obj
                0x08002708                OLED_WR_Byte
 .text.OLED_Set_Pos
                0x08002750       0x30 CMakeFiles/ws2812_board.elf.dir/UserFile/OLED/oled.c.obj
                0x08002750                OLED_Set_Pos
 .text.OLED_Clear
                0x08002780       0x42 CMakeFiles/ws2812_board.elf.dir/UserFile/OLED/oled.c.obj
                0x08002780                OLED_Clear
 *fill*         0x080027c2        0x2 
 .text.OLED_ShowChar
                0x080027c4       0x68 CMakeFiles/ws2812_board.elf.dir/UserFile/OLED/oled.c.obj
                0x080027c4                OLED_ShowChar
 .text.oled_pow
                0x0800282c       0x14 CMakeFiles/ws2812_board.elf.dir/UserFile/OLED/oled.c.obj
                0x0800282c                oled_pow
 .text.OLED_ShowNum
                0x08002840       0x8c CMakeFiles/ws2812_board.elf.dir/UserFile/OLED/oled.c.obj
                0x08002840                OLED_ShowNum
 .text.OLED_ShowString
                0x080028cc       0x30 CMakeFiles/ws2812_board.elf.dir/UserFile/OLED/oled.c.obj
                0x080028cc                OLED_ShowString
 .text.OLED_ShowCHinese
                0x080028fc       0x54 CMakeFiles/ws2812_board.elf.dir/UserFile/OLED/oled.c.obj
                0x080028fc                OLED_ShowCHinese
 .text.OLED_Init
                0x08002950      0x126 CMakeFiles/ws2812_board.elf.dir/UserFile/OLED/oled.c.obj
                0x08002950                OLED_Init
 *fill*         0x08002a76        0x2 
 .text.HAL_TIM_PWM_PulseFinishedCallback
                0x08002a78       0x18 CMakeFiles/ws2812_board.elf.dir/UserFile/ws2812b.c.obj
                0x08002a78                HAL_TIM_PWM_PulseFinishedCallback
 .text.Reset_Handler
                0x08002a90       0x80 CMakeFiles/ws2812_board.elf.dir/startup/startup_stm32f070x6.s.obj
                0x08002a90                Reset_Handler
 .text.Default_Handler
                0x08002b10        0x2 CMakeFiles/ws2812_board.elf.dir/startup/startup_stm32f070x6.s.obj
                0x08002b10                TIM1_CC_IRQHandler
                0x08002b10                I2C1_IRQHandler
                0x08002b10                SPI1_IRQHandler
                0x08002b10                EXTI2_3_IRQHandler
                0x08002b10                ADC1_IRQHandler
                0x08002b10                TIM17_IRQHandler
                0x08002b10                RTC_IRQHandler
                0x08002b10                TIM16_IRQHandler
                0x08002b10                EXTI4_15_IRQHandler
                0x08002b10                RCC_IRQHandler
                0x08002b10                DMA1_Channel1_IRQHandler
                0x08002b10                Default_Handler
                0x08002b10                TIM14_IRQHandler
                0x08002b10                DMA1_Channel4_5_IRQHandler
                0x08002b10                EXTI0_1_IRQHandler
                0x08002b10                USB_IRQHandler
                0x08002b10                WWDG_IRQHandler
                0x08002b10                USART2_IRQHandler
                0x08002b10                FLASH_IRQHandler
                0x08002b10                USART1_IRQHandler
                0x08002b10                TIM1_BRK_UP_TRG_COM_IRQHandler
 *fill*         0x08002b12        0x2 
 .text.__libc_init_array
                0x08002b14       0x44 c:/progra~2/gnuarm~1/102020~1/bin/../lib/gcc/arm-none-eabi/10.2.1/../../../../arm-none-eabi/lib/thumb/v6-m/nofp\libg.a(lib_a-init.o)
                0x08002b14                __libc_init_array
 .text.memset   0x08002b58       0xa8 c:/progra~2/gnuarm~1/102020~1/bin/../lib/gcc/arm-none-eabi/10.2.1/../../../../arm-none-eabi/lib/thumb/v6-m/nofp\libg.a(lib_a-memset.o)
                0x08002b58                memset
 .text.startup.register_fini
                0x08002c00       0x18 c:/progra~2/gnuarm~1/102020~1/bin/../lib/gcc/arm-none-eabi/10.2.1/../../../../arm-none-eabi/lib/thumb/v6-m/nofp\libg.a(lib_a-__call_atexit.o)
 .text.atexit   0x08002c18       0x10 c:/progra~2/gnuarm~1/102020~1/bin/../lib/gcc/arm-none-eabi/10.2.1/../../../../arm-none-eabi/lib/thumb/v6-m/nofp\libg.a(lib_a-atexit.o)
                0x08002c18                atexit
 .text.__libc_fini_array
                0x08002c28       0x28 c:/progra~2/gnuarm~1/102020~1/bin/../lib/gcc/arm-none-eabi/10.2.1/../../../../arm-none-eabi/lib/thumb/v6-m/nofp\libg.a(lib_a-fini.o)
                0x08002c28                __libc_fini_array
 .text.__retarget_lock_acquire_recursive
                0x08002c50        0x4 c:/progra~2/gnuarm~1/102020~1/bin/../lib/gcc/arm-none-eabi/10.2.1/../../../../arm-none-eabi/lib/thumb/v6-m/nofp\libg.a(lib_a-lock.o)
                0x08002c50                __retarget_lock_acquire_recursive
 .text.__retarget_lock_release_recursive
                0x08002c54        0x4 c:/progra~2/gnuarm~1/102020~1/bin/../lib/gcc/arm-none-eabi/10.2.1/../../../../arm-none-eabi/lib/thumb/v6-m/nofp\libg.a(lib_a-lock.o)
                0x08002c54                __retarget_lock_release_recursive
 .text.__register_exitproc
                0x08002c58       0xac c:/progra~2/gnuarm~1/102020~1/bin/../lib/gcc/arm-none-eabi/10.2.1/../../../../arm-none-eabi/lib/thumb/v6-m/nofp\libg.a(lib_a-__atexit.o)
                0x08002c58                __register_exitproc
 *(.glue_7)
 .glue_7        0x08002d04        0x0 linker stubs
 *(.glue_7t)
 .glue_7t       0x08002d04        0x0 linker stubs
 *(.eh_frame)
 .eh_frame      0x08002d04        0x0 c:/progra~2/gnuarm~1/102020~1/bin/../lib/gcc/arm-none-eabi/10.2.1/thumb/v6-m/nofp/crtbegin.o
 *(.init)
 .init          0x08002d04        0x4 c:/progra~2/gnuarm~1/102020~1/bin/../lib/gcc/arm-none-eabi/10.2.1/thumb/v6-m/nofp/crti.o
                0x08002d04                _init
 .init          0x08002d08        0x8 c:/progra~2/gnuarm~1/102020~1/bin/../lib/gcc/arm-none-eabi/10.2.1/thumb/v6-m/nofp/crtn.o
 *(.fini)
 .fini          0x08002d10        0x4 c:/progra~2/gnuarm~1/102020~1/bin/../lib/gcc/arm-none-eabi/10.2.1/thumb/v6-m/nofp/crti.o
                0x08002d10                _fini
 .fini          0x08002d14        0x8 c:/progra~2/gnuarm~1/102020~1/bin/../lib/gcc/arm-none-eabi/10.2.1/thumb/v6-m/nofp/crtn.o
                0x08002d1c                . = ALIGN (0x4)
                0x08002d1c                _etext = .

.vfp11_veneer   0x08002d1c        0x0
 .vfp11_veneer  0x08002d1c        0x0 linker stubs

.v4_bx          0x08002d1c        0x0
 .v4_bx         0x08002d1c        0x0 linker stubs

.iplt           0x08002d1c        0x0
 .iplt          0x08002d1c        0x0 c:/progra~2/gnuarm~1/102020~1/bin/../lib/gcc/arm-none-eabi/10.2.1/thumb/v6-m/nofp/crtbegin.o

.rodata         0x08002d1c      0x654
                0x08002d1c                . = ALIGN (0x4)
 *(.rodata)
 *(.rodata*)
 .rodata.main.str1.4
                0x08002d1c       0x1e CMakeFiles/ws2812_board.elf.dir/Core/Src/main.c.obj
 *fill*         0x08002d3a        0x2 
 .rodata.AHBPrescTable
                0x08002d3c       0x10 CMakeFiles/ws2812_board.elf.dir/Core/Src/system_stm32f0xx.c.obj
                0x08002d3c                AHBPrescTable
 .rodata.APBPrescTable
                0x08002d4c        0x8 CMakeFiles/ws2812_board.elf.dir/Core/Src/system_stm32f0xx.c.obj
                0x08002d4c                APBPrescTable
 .rodata.HAL_RCC_GetSysClockFreq.str1.4
                0x08002d54       0x25 CMakeFiles/ws2812_board.elf.dir/Drivers/STM32F0xx_HAL_Driver/Src/stm32f0xx_hal_rcc.c.obj
 *fill*         0x08002d79        0x3 
 .rodata.F8X16  0x08002d7c      0x5f0 CMakeFiles/ws2812_board.elf.dir/UserFile/OLED/oled.c.obj
                0x08002d7c                F8X16
 .rodata._global_impure_ptr
                0x0800336c        0x4 c:/progra~2/gnuarm~1/102020~1/bin/../lib/gcc/arm-none-eabi/10.2.1/../../../../arm-none-eabi/lib/thumb/v6-m/nofp\libg.a(lib_a-impure.o)
                0x0800336c                _global_impure_ptr
                0x08003370                . = ALIGN (0x4)

.rel.dyn        0x08003370        0x0
 .rel.iplt      0x08003370        0x0 c:/progra~2/gnuarm~1/102020~1/bin/../lib/gcc/arm-none-eabi/10.2.1/thumb/v6-m/nofp/crtbegin.o

.ARM.extab
 *(.ARM.extab* .gnu.linkonce.armextab.*)

.ARM            0x08003370        0x0
                0x08003370                __exidx_start = .
 *(.ARM.exidx*)
                0x08003370                __exidx_end = .

.preinit_array  0x08003370        0x0
                0x08003370                PROVIDE (__preinit_array_start = .)
 *(.preinit_array*)
                0x08003370                PROVIDE (__preinit_array_end = .)

.init_array     0x08003370        0x8
                0x08003370                PROVIDE (__init_array_start = .)
 *(SORT_BY_NAME(.init_array.*))
 .init_array.00000
                0x08003370        0x4 c:/progra~2/gnuarm~1/102020~1/bin/../lib/gcc/arm-none-eabi/10.2.1/../../../../arm-none-eabi/lib/thumb/v6-m/nofp\libg.a(lib_a-__call_atexit.o)
 *(.init_array*)
 .init_array    0x08003374        0x4 c:/progra~2/gnuarm~1/102020~1/bin/../lib/gcc/arm-none-eabi/10.2.1/thumb/v6-m/nofp/crtbegin.o
                0x08003378                PROVIDE (__init_array_end = .)

.fini_array     0x08003378        0x4
                0x08003378                PROVIDE (__fini_array_start = .)
 *(SORT_BY_NAME(.fini_array.*))
 *(.fini_array*)
 .fini_array    0x08003378        0x4 c:/progra~2/gnuarm~1/102020~1/bin/../lib/gcc/arm-none-eabi/10.2.1/thumb/v6-m/nofp/crtbegin.o
                0x0800337c                PROVIDE (__fini_array_end = .)
                0x0800337c                _sidata = LOADADDR (.data)

.data           0x20000000      0x5fc load address 0x0800337c
                0x20000000                . = ALIGN (0x4)
                0x20000000                _sdata = .
 *(.data)
 *(.data*)
 .data.SystemCoreClock
                0x20000000        0x4 CMakeFiles/ws2812_board.elf.dir/Core/Src/system_stm32f0xx.c.obj
                0x20000000                SystemCoreClock
 .data.uwTickFreq
                0x20000004        0x1 CMakeFiles/ws2812_board.elf.dir/Drivers/STM32F0xx_HAL_Driver/Src/stm32f0xx_hal.c.obj
                0x20000004                uwTickFreq
 *fill*         0x20000005        0x3 
 .data.uwTickPrio
                0x20000008        0x4 CMakeFiles/ws2812_board.elf.dir/Drivers/STM32F0xx_HAL_Driver/Src/stm32f0xx_hal.c.obj
                0x20000008                uwTickPrio
 .data.Hzk      0x2000000c      0x1c0 CMakeFiles/ws2812_board.elf.dir/UserFile/OLED/oled.c.obj
                0x2000000c                Hzk
 *fill*         0x200001cc        0x4 
 .data.impure_data
                0x200001d0      0x428 c:/progra~2/gnuarm~1/102020~1/bin/../lib/gcc/arm-none-eabi/10.2.1/../../../../arm-none-eabi/lib/thumb/v6-m/nofp\libg.a(lib_a-impure.o)
 .data.__atexit_recursive_mutex
                0x200005f8        0x4 c:/progra~2/gnuarm~1/102020~1/bin/../lib/gcc/arm-none-eabi/10.2.1/../../../../arm-none-eabi/lib/thumb/v6-m/nofp\libg.a(lib_a-__call_atexit.o)
                0x200005f8                __atexit_recursive_mutex
                0x200005fc                . = ALIGN (0x4)
                0x200005fc                _edata = .

.igot.plt       0x200005fc        0x0 load address 0x08003978
 .igot.plt      0x200005fc        0x0 c:/progra~2/gnuarm~1/102020~1/bin/../lib/gcc/arm-none-eabi/10.2.1/thumb/v6-m/nofp/crtbegin.o
                0x200005fc                . = ALIGN (0x4)

.bss            0x200005fc      0x1e4 load address 0x08003978
                0x200005fc                _sbss = .
                0x200005fc                __bss_start__ = _sbss
 *(.bss)
 .bss           0x200005fc       0x1c c:/progra~2/gnuarm~1/102020~1/bin/../lib/gcc/arm-none-eabi/10.2.1/thumb/v6-m/nofp/crtbegin.o
 *(.bss*)
 .bss.hi2c1     0x20000618       0x4c CMakeFiles/ws2812_board.elf.dir/Core/Src/i2c.c.obj
                0x20000618                hi2c1
 .bss.hspi1     0x20000664       0x64 CMakeFiles/ws2812_board.elf.dir/Core/Src/spi.c.obj
                0x20000664                hspi1
 .bss.hdma_tim3_ch4_up
                0x200006c8       0x44 CMakeFiles/ws2812_board.elf.dir/Core/Src/tim.c.obj
                0x200006c8                hdma_tim3_ch4_up
 .bss.htim3     0x2000070c       0x48 CMakeFiles/ws2812_board.elf.dir/Core/Src/tim.c.obj
                0x2000070c                htim3
 .bss.huart2    0x20000754       0x84 CMakeFiles/ws2812_board.elf.dir/Core/Src/usart.c.obj
                0x20000754                huart2
 .bss.uwTick    0x200007d8        0x4 CMakeFiles/ws2812_board.elf.dir/Drivers/STM32F0xx_HAL_Driver/Src/stm32f0xx_hal.c.obj
                0x200007d8                uwTick
 .bss.__lock___atexit_recursive_mutex
                0x200007dc        0x1 c:/progra~2/gnuarm~1/102020~1/bin/../lib/gcc/arm-none-eabi/10.2.1/../../../../arm-none-eabi/lib/thumb/v6-m/nofp\libg.a(lib_a-lock.o)
                0x200007dc                __lock___atexit_recursive_mutex
 *(COMMON)
                0x200007e0                . = ALIGN (0x4)
 *fill*         0x200007dd        0x3 
                0x200007e0                _ebss = .
                0x200007e0                __bss_end__ = _ebss

._user_heap_stack
                0x200007e0      0x600 load address 0x08003978
                0x200007e0                . = ALIGN (0x8)
                0x200007e0                PROVIDE (end = .)
                [!provide]                PROVIDE (_end = .)
                0x200009e0                . = (. + _Min_Heap_Size)
 *fill*         0x200007e0      0x200 
                0x20000de0                . = (. + _Min_Stack_Size)
 *fill*         0x200009e0      0x400 
                0x20000de0                . = ALIGN (0x8)

/DISCARD/
 libc.a(*)
 libm.a(*)
 libgcc.a(*)

.ARM.attributes
                0x00000000       0x28
 *(.ARM.attributes)
 .ARM.attributes
                0x00000000       0x1e c:/progra~2/gnuarm~1/102020~1/bin/../lib/gcc/arm-none-eabi/10.2.1/thumb/v6-m/nofp/crti.o
 .ARM.attributes
                0x0000001e       0x2c c:/progra~2/gnuarm~1/102020~1/bin/../lib/gcc/arm-none-eabi/10.2.1/thumb/v6-m/nofp/crtbegin.o
 .ARM.attributes
                0x0000004a       0x2c CMakeFiles/ws2812_board.elf.dir/Core/Src/dma.c.obj
 .ARM.attributes
                0x00000076       0x2c CMakeFiles/ws2812_board.elf.dir/Core/Src/gpio.c.obj
 .ARM.attributes
                0x000000a2       0x2c CMakeFiles/ws2812_board.elf.dir/Core/Src/i2c.c.obj
 .ARM.attributes
                0x000000ce       0x2c CMakeFiles/ws2812_board.elf.dir/Core/Src/main.c.obj
 .ARM.attributes
                0x000000fa       0x2c CMakeFiles/ws2812_board.elf.dir/Core/Src/spi.c.obj
 .ARM.attributes
                0x00000126       0x2c CMakeFiles/ws2812_board.elf.dir/Core/Src/stm32f0xx_hal_msp.c.obj
 .ARM.attributes
                0x00000152       0x2c CMakeFiles/ws2812_board.elf.dir/Core/Src/stm32f0xx_it.c.obj
 .ARM.attributes
                0x0000017e       0x2c CMakeFiles/ws2812_board.elf.dir/Core/Src/system_stm32f0xx.c.obj
 .ARM.attributes
                0x000001aa       0x2c CMakeFiles/ws2812_board.elf.dir/Core/Src/tim.c.obj
 .ARM.attributes
                0x000001d6       0x2c CMakeFiles/ws2812_board.elf.dir/Core/Src/usart.c.obj
 .ARM.attributes
                0x00000202       0x2c CMakeFiles/ws2812_board.elf.dir/Drivers/STM32F0xx_HAL_Driver/Src/stm32f0xx_hal.c.obj
 .ARM.attributes
                0x0000022e       0x2c CMakeFiles/ws2812_board.elf.dir/Drivers/STM32F0xx_HAL_Driver/Src/stm32f0xx_hal_cortex.c.obj
 .ARM.attributes
                0x0000025a       0x2c CMakeFiles/ws2812_board.elf.dir/Drivers/STM32F0xx_HAL_Driver/Src/stm32f0xx_hal_dma.c.obj
 .ARM.attributes
                0x00000286       0x2c CMakeFiles/ws2812_board.elf.dir/Drivers/STM32F0xx_HAL_Driver/Src/stm32f0xx_hal_gpio.c.obj
 .ARM.attributes
                0x000002b2       0x2c CMakeFiles/ws2812_board.elf.dir/Drivers/STM32F0xx_HAL_Driver/Src/stm32f0xx_hal_i2c.c.obj
 .ARM.attributes
                0x000002de       0x2c CMakeFiles/ws2812_board.elf.dir/Drivers/STM32F0xx_HAL_Driver/Src/stm32f0xx_hal_i2c_ex.c.obj
 .ARM.attributes
                0x0000030a       0x2c CMakeFiles/ws2812_board.elf.dir/Drivers/STM32F0xx_HAL_Driver/Src/stm32f0xx_hal_rcc.c.obj
 .ARM.attributes
                0x00000336       0x2c CMakeFiles/ws2812_board.elf.dir/Drivers/STM32F0xx_HAL_Driver/Src/stm32f0xx_hal_rcc_ex.c.obj
 .ARM.attributes
                0x00000362       0x2c CMakeFiles/ws2812_board.elf.dir/Drivers/STM32F0xx_HAL_Driver/Src/stm32f0xx_hal_spi.c.obj
 .ARM.attributes
                0x0000038e       0x2c CMakeFiles/ws2812_board.elf.dir/Drivers/STM32F0xx_HAL_Driver/Src/stm32f0xx_hal_tim.c.obj
 .ARM.attributes
                0x000003ba       0x2c CMakeFiles/ws2812_board.elf.dir/Drivers/STM32F0xx_HAL_Driver/Src/stm32f0xx_hal_tim_ex.c.obj
 .ARM.attributes
                0x000003e6       0x2c CMakeFiles/ws2812_board.elf.dir/Drivers/STM32F0xx_HAL_Driver/Src/stm32f0xx_hal_uart.c.obj
 .ARM.attributes
                0x00000412       0x2c CMakeFiles/ws2812_board.elf.dir/UserFile/OLED/oled.c.obj
 .ARM.attributes
                0x0000043e       0x2c CMakeFiles/ws2812_board.elf.dir/UserFile/ws2812b.c.obj
 .ARM.attributes
                0x0000046a       0x21 CMakeFiles/ws2812_board.elf.dir/startup/startup_stm32f070x6.s.obj
 .ARM.attributes
                0x0000048b       0x1e c:/progra~2/gnuarm~1/102020~1/bin/../lib/gcc/arm-none-eabi/10.2.1/thumb/v6-m/nofp\libgcc.a(_udivsi3.o)
 .ARM.attributes
                0x000004a9       0x1e c:/progra~2/gnuarm~1/102020~1/bin/../lib/gcc/arm-none-eabi/10.2.1/thumb/v6-m/nofp\libgcc.a(_dvmd_tls.o)
 .ARM.attributes
                0x000004c7       0x2c c:/progra~2/gnuarm~1/102020~1/bin/../lib/gcc/arm-none-eabi/10.2.1/../../../../arm-none-eabi/lib/thumb/v6-m/nofp\libg.a(lib_a-impure.o)
 .ARM.attributes
                0x000004f3       0x2c c:/progra~2/gnuarm~1/102020~1/bin/../lib/gcc/arm-none-eabi/10.2.1/../../../../arm-none-eabi/lib/thumb/v6-m/nofp\libg.a(lib_a-init.o)
 .ARM.attributes
                0x0000051f       0x2c c:/progra~2/gnuarm~1/102020~1/bin/../lib/gcc/arm-none-eabi/10.2.1/../../../../arm-none-eabi/lib/thumb/v6-m/nofp\libg.a(lib_a-memset.o)
 .ARM.attributes
                0x0000054b       0x2c c:/progra~2/gnuarm~1/102020~1/bin/../lib/gcc/arm-none-eabi/10.2.1/../../../../arm-none-eabi/lib/thumb/v6-m/nofp\libg.a(lib_a-__call_atexit.o)
 .ARM.attributes
                0x00000577       0x2c c:/progra~2/gnuarm~1/102020~1/bin/../lib/gcc/arm-none-eabi/10.2.1/../../../../arm-none-eabi/lib/thumb/v6-m/nofp\libg.a(lib_a-atexit.o)
 .ARM.attributes
                0x000005a3       0x2c c:/progra~2/gnuarm~1/102020~1/bin/../lib/gcc/arm-none-eabi/10.2.1/../../../../arm-none-eabi/lib/thumb/v6-m/nofp\libg.a(lib_a-fini.o)
 .ARM.attributes
                0x000005cf       0x2c c:/progra~2/gnuarm~1/102020~1/bin/../lib/gcc/arm-none-eabi/10.2.1/../../../../arm-none-eabi/lib/thumb/v6-m/nofp\libg.a(lib_a-lock.o)
 .ARM.attributes
                0x000005fb       0x2c c:/progra~2/gnuarm~1/102020~1/bin/../lib/gcc/arm-none-eabi/10.2.1/../../../../arm-none-eabi/lib/thumb/v6-m/nofp\libg.a(lib_a-__atexit.o)
 .ARM.attributes
                0x00000627       0x1e c:/progra~2/gnuarm~1/102020~1/bin/../lib/gcc/arm-none-eabi/10.2.1/thumb/v6-m/nofp/crtn.o
OUTPUT(ws2812_board.elf elf32-littlearm)
LOAD linker stubs
LOAD c:/progra~2/gnuarm~1/102020~1/bin/../lib/gcc/arm-none-eabi/10.2.1/../../../../arm-none-eabi/lib/thumb/v6-m/nofp\libc.a
LOAD c:/progra~2/gnuarm~1/102020~1/bin/../lib/gcc/arm-none-eabi/10.2.1/../../../../arm-none-eabi/lib/thumb/v6-m/nofp\libm.a
LOAD c:/progra~2/gnuarm~1/102020~1/bin/../lib/gcc/arm-none-eabi/10.2.1/thumb/v6-m/nofp\libgcc.a

.debug_info     0x00000000    0x16a5b
 .debug_info    0x00000000      0x294 CMakeFiles/ws2812_board.elf.dir/Core/Src/dma.c.obj
 .debug_info    0x00000294      0x396 CMakeFiles/ws2812_board.elf.dir/Core/Src/gpio.c.obj
 .debug_info    0x0000062a      0x9d6 CMakeFiles/ws2812_board.elf.dir/Core/Src/i2c.c.obj
 .debug_info    0x00001000      0xc7f CMakeFiles/ws2812_board.elf.dir/Core/Src/main.c.obj
 .debug_info    0x00001c7f      0x917 CMakeFiles/ws2812_board.elf.dir/Core/Src/spi.c.obj
 .debug_info    0x00002596      0x1b4 CMakeFiles/ws2812_board.elf.dir/Core/Src/stm32f0xx_hal_msp.c.obj
 .debug_info    0x0000274a      0x6e6 CMakeFiles/ws2812_board.elf.dir/Core/Src/stm32f0xx_it.c.obj
 .debug_info    0x00002e30      0x294 CMakeFiles/ws2812_board.elf.dir/Core/Src/system_stm32f0xx.c.obj
 .debug_info    0x000030c4      0xd82 CMakeFiles/ws2812_board.elf.dir/Core/Src/tim.c.obj
 .debug_info    0x00003e46      0x9af CMakeFiles/ws2812_board.elf.dir/Core/Src/usart.c.obj
 .debug_info    0x000047f5      0x725 CMakeFiles/ws2812_board.elf.dir/Drivers/STM32F0xx_HAL_Driver/Src/stm32f0xx_hal.c.obj
 .debug_info    0x00004f1a      0x828 CMakeFiles/ws2812_board.elf.dir/Drivers/STM32F0xx_HAL_Driver/Src/stm32f0xx_hal_cortex.c.obj
 .debug_info    0x00005742      0x89e CMakeFiles/ws2812_board.elf.dir/Drivers/STM32F0xx_HAL_Driver/Src/stm32f0xx_hal_dma.c.obj
 .debug_info    0x00005fe0      0x64b CMakeFiles/ws2812_board.elf.dir/Drivers/STM32F0xx_HAL_Driver/Src/stm32f0xx_hal_gpio.c.obj
 .debug_info    0x0000662b     0x3f7b CMakeFiles/ws2812_board.elf.dir/Drivers/STM32F0xx_HAL_Driver/Src/stm32f0xx_hal_i2c.c.obj
 .debug_info    0x0000a5a6      0x854 CMakeFiles/ws2812_board.elf.dir/Drivers/STM32F0xx_HAL_Driver/Src/stm32f0xx_hal_i2c_ex.c.obj
 .debug_info    0x0000adfa      0xa69 CMakeFiles/ws2812_board.elf.dir/Drivers/STM32F0xx_HAL_Driver/Src/stm32f0xx_hal_rcc.c.obj
 .debug_info    0x0000b863      0x43b CMakeFiles/ws2812_board.elf.dir/Drivers/STM32F0xx_HAL_Driver/Src/stm32f0xx_hal_rcc_ex.c.obj
 .debug_info    0x0000bc9e     0x2164 CMakeFiles/ws2812_board.elf.dir/Drivers/STM32F0xx_HAL_Driver/Src/stm32f0xx_hal_spi.c.obj
 .debug_info    0x0000de02     0x3a87 CMakeFiles/ws2812_board.elf.dir/Drivers/STM32F0xx_HAL_Driver/Src/stm32f0xx_hal_tim.c.obj
 .debug_info    0x00011889     0x1944 CMakeFiles/ws2812_board.elf.dir/Drivers/STM32F0xx_HAL_Driver/Src/stm32f0xx_hal_tim_ex.c.obj
 .debug_info    0x000131cd     0x1e8b CMakeFiles/ws2812_board.elf.dir/Drivers/STM32F0xx_HAL_Driver/Src/stm32f0xx_hal_uart.c.obj
 .debug_info    0x00015058     0x11c2 CMakeFiles/ws2812_board.elf.dir/UserFile/OLED/oled.c.obj
 .debug_info    0x0001621a      0x81f CMakeFiles/ws2812_board.elf.dir/UserFile/ws2812b.c.obj
 .debug_info    0x00016a39       0x22 CMakeFiles/ws2812_board.elf.dir/startup/startup_stm32f070x6.s.obj

.debug_abbrev   0x00000000     0x2e94
 .debug_abbrev  0x00000000      0x114 CMakeFiles/ws2812_board.elf.dir/Core/Src/dma.c.obj
 .debug_abbrev  0x00000114      0x172 CMakeFiles/ws2812_board.elf.dir/Core/Src/gpio.c.obj
 .debug_abbrev  0x00000286      0x1ef CMakeFiles/ws2812_board.elf.dir/Core/Src/i2c.c.obj
 .debug_abbrev  0x00000475      0x235 CMakeFiles/ws2812_board.elf.dir/Core/Src/main.c.obj
 .debug_abbrev  0x000006aa      0x1e4 CMakeFiles/ws2812_board.elf.dir/Core/Src/spi.c.obj
 .debug_abbrev  0x0000088e       0xbf CMakeFiles/ws2812_board.elf.dir/Core/Src/stm32f0xx_hal_msp.c.obj
 .debug_abbrev  0x0000094d      0x18a CMakeFiles/ws2812_board.elf.dir/Core/Src/stm32f0xx_it.c.obj
 .debug_abbrev  0x00000ad7      0x131 CMakeFiles/ws2812_board.elf.dir/Core/Src/system_stm32f0xx.c.obj
 .debug_abbrev  0x00000c08      0x213 CMakeFiles/ws2812_board.elf.dir/Core/Src/tim.c.obj
 .debug_abbrev  0x00000e1b      0x1e4 CMakeFiles/ws2812_board.elf.dir/Core/Src/usart.c.obj
 .debug_abbrev  0x00000fff      0x245 CMakeFiles/ws2812_board.elf.dir/Drivers/STM32F0xx_HAL_Driver/Src/stm32f0xx_hal.c.obj
 .debug_abbrev  0x00001244      0x293 CMakeFiles/ws2812_board.elf.dir/Drivers/STM32F0xx_HAL_Driver/Src/stm32f0xx_hal_cortex.c.obj
 .debug_abbrev  0x000014d7      0x1f0 CMakeFiles/ws2812_board.elf.dir/Drivers/STM32F0xx_HAL_Driver/Src/stm32f0xx_hal_dma.c.obj
 .debug_abbrev  0x000016c7      0x1e6 CMakeFiles/ws2812_board.elf.dir/Drivers/STM32F0xx_HAL_Driver/Src/stm32f0xx_hal_gpio.c.obj
 .debug_abbrev  0x000018ad      0x263 CMakeFiles/ws2812_board.elf.dir/Drivers/STM32F0xx_HAL_Driver/Src/stm32f0xx_hal_i2c.c.obj
 .debug_abbrev  0x00001b10      0x1c4 CMakeFiles/ws2812_board.elf.dir/Drivers/STM32F0xx_HAL_Driver/Src/stm32f0xx_hal_i2c_ex.c.obj
 .debug_abbrev  0x00001cd4      0x273 CMakeFiles/ws2812_board.elf.dir/Drivers/STM32F0xx_HAL_Driver/Src/stm32f0xx_hal_rcc.c.obj
 .debug_abbrev  0x00001f47      0x1b5 CMakeFiles/ws2812_board.elf.dir/Drivers/STM32F0xx_HAL_Driver/Src/stm32f0xx_hal_rcc_ex.c.obj
 .debug_abbrev  0x000020fc      0x248 CMakeFiles/ws2812_board.elf.dir/Drivers/STM32F0xx_HAL_Driver/Src/stm32f0xx_hal_spi.c.obj
 .debug_abbrev  0x00002344      0x24f CMakeFiles/ws2812_board.elf.dir/Drivers/STM32F0xx_HAL_Driver/Src/stm32f0xx_hal_tim.c.obj
 .debug_abbrev  0x00002593      0x252 CMakeFiles/ws2812_board.elf.dir/Drivers/STM32F0xx_HAL_Driver/Src/stm32f0xx_hal_tim_ex.c.obj
 .debug_abbrev  0x000027e5      0x24e CMakeFiles/ws2812_board.elf.dir/Drivers/STM32F0xx_HAL_Driver/Src/stm32f0xx_hal_uart.c.obj
 .debug_abbrev  0x00002a33      0x252 CMakeFiles/ws2812_board.elf.dir/UserFile/OLED/oled.c.obj
 .debug_abbrev  0x00002c85      0x1fd CMakeFiles/ws2812_board.elf.dir/UserFile/ws2812b.c.obj
 .debug_abbrev  0x00002e82       0x12 CMakeFiles/ws2812_board.elf.dir/startup/startup_stm32f070x6.s.obj

.debug_aranges  0x00000000     0x1168
 .debug_aranges
                0x00000000       0x20 CMakeFiles/ws2812_board.elf.dir/Core/Src/dma.c.obj
 .debug_aranges
                0x00000020       0x20 CMakeFiles/ws2812_board.elf.dir/Core/Src/gpio.c.obj
 .debug_aranges
                0x00000040       0x30 CMakeFiles/ws2812_board.elf.dir/Core/Src/i2c.c.obj
 .debug_aranges
                0x00000070       0x30 CMakeFiles/ws2812_board.elf.dir/Core/Src/main.c.obj
 .debug_aranges
                0x000000a0       0x30 CMakeFiles/ws2812_board.elf.dir/Core/Src/spi.c.obj
 .debug_aranges
                0x000000d0       0x20 CMakeFiles/ws2812_board.elf.dir/Core/Src/stm32f0xx_hal_msp.c.obj
 .debug_aranges
                0x000000f0       0x50 CMakeFiles/ws2812_board.elf.dir/Core/Src/stm32f0xx_it.c.obj
 .debug_aranges
                0x00000140       0x28 CMakeFiles/ws2812_board.elf.dir/Core/Src/system_stm32f0xx.c.obj
 .debug_aranges
                0x00000168       0x38 CMakeFiles/ws2812_board.elf.dir/Core/Src/tim.c.obj
 .debug_aranges
                0x000001a0       0x30 CMakeFiles/ws2812_board.elf.dir/Core/Src/usart.c.obj
 .debug_aranges
                0x000001d0       0xd0 CMakeFiles/ws2812_board.elf.dir/Drivers/STM32F0xx_HAL_Driver/Src/stm32f0xx_hal.c.obj
 .debug_aranges
                0x000002a0       0x78 CMakeFiles/ws2812_board.elf.dir/Drivers/STM32F0xx_HAL_Driver/Src/stm32f0xx_hal_cortex.c.obj
 .debug_aranges
                0x00000318       0x88 CMakeFiles/ws2812_board.elf.dir/Drivers/STM32F0xx_HAL_Driver/Src/stm32f0xx_hal_dma.c.obj
 .debug_aranges
                0x000003a0       0x58 CMakeFiles/ws2812_board.elf.dir/Drivers/STM32F0xx_HAL_Driver/Src/stm32f0xx_hal_gpio.c.obj
 .debug_aranges
                0x000003f8      0x290 CMakeFiles/ws2812_board.elf.dir/Drivers/STM32F0xx_HAL_Driver/Src/stm32f0xx_hal_i2c.c.obj
 .debug_aranges
                0x00000688       0x38 CMakeFiles/ws2812_board.elf.dir/Drivers/STM32F0xx_HAL_Driver/Src/stm32f0xx_hal_i2c_ex.c.obj
 .debug_aranges
                0x000006c0       0x80 CMakeFiles/ws2812_board.elf.dir/Drivers/STM32F0xx_HAL_Driver/Src/stm32f0xx_hal_rcc.c.obj
 .debug_aranges
                0x00000740       0x30 CMakeFiles/ws2812_board.elf.dir/Drivers/STM32F0xx_HAL_Driver/Src/stm32f0xx_hal_rcc_ex.c.obj
 .debug_aranges
                0x00000770      0x1d8 CMakeFiles/ws2812_board.elf.dir/Drivers/STM32F0xx_HAL_Driver/Src/stm32f0xx_hal_spi.c.obj
 .debug_aranges
                0x00000948      0x3d0 CMakeFiles/ws2812_board.elf.dir/Drivers/STM32F0xx_HAL_Driver/Src/stm32f0xx_hal_tim.c.obj
 .debug_aranges
                0x00000d18      0x168 CMakeFiles/ws2812_board.elf.dir/Drivers/STM32F0xx_HAL_Driver/Src/stm32f0xx_hal_tim_ex.c.obj
 .debug_aranges
                0x00000e80      0x218 CMakeFiles/ws2812_board.elf.dir/Drivers/STM32F0xx_HAL_Driver/Src/stm32f0xx_hal_uart.c.obj
 .debug_aranges
                0x00001098       0x78 CMakeFiles/ws2812_board.elf.dir/UserFile/OLED/oled.c.obj
 .debug_aranges
                0x00001110       0x30 CMakeFiles/ws2812_board.elf.dir/UserFile/ws2812b.c.obj
 .debug_aranges
                0x00001140       0x28 CMakeFiles/ws2812_board.elf.dir/startup/startup_stm32f070x6.s.obj

.debug_ranges   0x00000000     0x1070
 .debug_ranges  0x00000000       0x10 CMakeFiles/ws2812_board.elf.dir/Core/Src/dma.c.obj
 .debug_ranges  0x00000010       0x10 CMakeFiles/ws2812_board.elf.dir/Core/Src/gpio.c.obj
 .debug_ranges  0x00000020       0x20 CMakeFiles/ws2812_board.elf.dir/Core/Src/i2c.c.obj
 .debug_ranges  0x00000040       0x20 CMakeFiles/ws2812_board.elf.dir/Core/Src/main.c.obj
 .debug_ranges  0x00000060       0x20 CMakeFiles/ws2812_board.elf.dir/Core/Src/spi.c.obj
 .debug_ranges  0x00000080       0x10 CMakeFiles/ws2812_board.elf.dir/Core/Src/stm32f0xx_hal_msp.c.obj
 .debug_ranges  0x00000090       0x40 CMakeFiles/ws2812_board.elf.dir/Core/Src/stm32f0xx_it.c.obj
 .debug_ranges  0x000000d0       0x18 CMakeFiles/ws2812_board.elf.dir/Core/Src/system_stm32f0xx.c.obj
 .debug_ranges  0x000000e8       0x28 CMakeFiles/ws2812_board.elf.dir/Core/Src/tim.c.obj
 .debug_ranges  0x00000110       0x20 CMakeFiles/ws2812_board.elf.dir/Core/Src/usart.c.obj
 .debug_ranges  0x00000130       0xc0 CMakeFiles/ws2812_board.elf.dir/Drivers/STM32F0xx_HAL_Driver/Src/stm32f0xx_hal.c.obj
 .debug_ranges  0x000001f0       0xc8 CMakeFiles/ws2812_board.elf.dir/Drivers/STM32F0xx_HAL_Driver/Src/stm32f0xx_hal_cortex.c.obj
 .debug_ranges  0x000002b8       0x78 CMakeFiles/ws2812_board.elf.dir/Drivers/STM32F0xx_HAL_Driver/Src/stm32f0xx_hal_dma.c.obj
 .debug_ranges  0x00000330       0x48 CMakeFiles/ws2812_board.elf.dir/Drivers/STM32F0xx_HAL_Driver/Src/stm32f0xx_hal_gpio.c.obj
 .debug_ranges  0x00000378      0x280 CMakeFiles/ws2812_board.elf.dir/Drivers/STM32F0xx_HAL_Driver/Src/stm32f0xx_hal_i2c.c.obj
 .debug_ranges  0x000005f8       0x28 CMakeFiles/ws2812_board.elf.dir/Drivers/STM32F0xx_HAL_Driver/Src/stm32f0xx_hal_i2c_ex.c.obj
 .debug_ranges  0x00000620       0x88 CMakeFiles/ws2812_board.elf.dir/Drivers/STM32F0xx_HAL_Driver/Src/stm32f0xx_hal_rcc.c.obj
 .debug_ranges  0x000006a8       0x38 CMakeFiles/ws2812_board.elf.dir/Drivers/STM32F0xx_HAL_Driver/Src/stm32f0xx_hal_rcc_ex.c.obj
 .debug_ranges  0x000006e0      0x1c8 CMakeFiles/ws2812_board.elf.dir/Drivers/STM32F0xx_HAL_Driver/Src/stm32f0xx_hal_spi.c.obj
 .debug_ranges  0x000008a8      0x3c0 CMakeFiles/ws2812_board.elf.dir/Drivers/STM32F0xx_HAL_Driver/Src/stm32f0xx_hal_tim.c.obj
 .debug_ranges  0x00000c68      0x158 CMakeFiles/ws2812_board.elf.dir/Drivers/STM32F0xx_HAL_Driver/Src/stm32f0xx_hal_tim_ex.c.obj
 .debug_ranges  0x00000dc0      0x208 CMakeFiles/ws2812_board.elf.dir/Drivers/STM32F0xx_HAL_Driver/Src/stm32f0xx_hal_uart.c.obj
 .debug_ranges  0x00000fc8       0x68 CMakeFiles/ws2812_board.elf.dir/UserFile/OLED/oled.c.obj
 .debug_ranges  0x00001030       0x20 CMakeFiles/ws2812_board.elf.dir/UserFile/ws2812b.c.obj
 .debug_ranges  0x00001050       0x20 CMakeFiles/ws2812_board.elf.dir/startup/startup_stm32f070x6.s.obj

.debug_line     0x00000000    0x15377
 .debug_line    0x00000000      0x1e6 CMakeFiles/ws2812_board.elf.dir/Core/Src/dma.c.obj
 .debug_line    0x000001e6      0x227 CMakeFiles/ws2812_board.elf.dir/Core/Src/gpio.c.obj
 .debug_line    0x0000040d      0x3a8 CMakeFiles/ws2812_board.elf.dir/Core/Src/i2c.c.obj
 .debug_line    0x000007b5      0x4e3 CMakeFiles/ws2812_board.elf.dir/Core/Src/main.c.obj
 .debug_line    0x00000c98      0x38b CMakeFiles/ws2812_board.elf.dir/Core/Src/spi.c.obj
 .debug_line    0x00001023      0x18f CMakeFiles/ws2812_board.elf.dir/Core/Src/stm32f0xx_hal_msp.c.obj
 .debug_line    0x000011b2      0x2c9 CMakeFiles/ws2812_board.elf.dir/Core/Src/stm32f0xx_it.c.obj
 .debug_line    0x0000147b      0x24c CMakeFiles/ws2812_board.elf.dir/Core/Src/system_stm32f0xx.c.obj
 .debug_line    0x000016c7      0x487 CMakeFiles/ws2812_board.elf.dir/Core/Src/tim.c.obj
 .debug_line    0x00001b4e      0x376 CMakeFiles/ws2812_board.elf.dir/Core/Src/usart.c.obj
 .debug_line    0x00001ec4      0x586 CMakeFiles/ws2812_board.elf.dir/Drivers/STM32F0xx_HAL_Driver/Src/stm32f0xx_hal.c.obj
 .debug_line    0x0000244a      0x563 CMakeFiles/ws2812_board.elf.dir/Drivers/STM32F0xx_HAL_Driver/Src/stm32f0xx_hal_cortex.c.obj
 .debug_line    0x000029ad      0xa41 CMakeFiles/ws2812_board.elf.dir/Drivers/STM32F0xx_HAL_Driver/Src/stm32f0xx_hal_dma.c.obj
 .debug_line    0x000033ee      0x6ab CMakeFiles/ws2812_board.elf.dir/Drivers/STM32F0xx_HAL_Driver/Src/stm32f0xx_hal_gpio.c.obj
 .debug_line    0x00003a99     0x4968 CMakeFiles/ws2812_board.elf.dir/Drivers/STM32F0xx_HAL_Driver/Src/stm32f0xx_hal_i2c.c.obj
 .debug_line    0x00008401      0x3f0 CMakeFiles/ws2812_board.elf.dir/Drivers/STM32F0xx_HAL_Driver/Src/stm32f0xx_hal_i2c_ex.c.obj
 .debug_line    0x000087f1      0xbc1 CMakeFiles/ws2812_board.elf.dir/Drivers/STM32F0xx_HAL_Driver/Src/stm32f0xx_hal_rcc.c.obj
 .debug_line    0x000093b2      0x586 CMakeFiles/ws2812_board.elf.dir/Drivers/STM32F0xx_HAL_Driver/Src/stm32f0xx_hal_rcc_ex.c.obj
 .debug_line    0x00009938     0x279f CMakeFiles/ws2812_board.elf.dir/Drivers/STM32F0xx_HAL_Driver/Src/stm32f0xx_hal_spi.c.obj
 .debug_line    0x0000c0d7     0x47a2 CMakeFiles/ws2812_board.elf.dir/Drivers/STM32F0xx_HAL_Driver/Src/stm32f0xx_hal_tim.c.obj
 .debug_line    0x00010879     0x1c10 CMakeFiles/ws2812_board.elf.dir/Drivers/STM32F0xx_HAL_Driver/Src/stm32f0xx_hal_tim_ex.c.obj
 .debug_line    0x00012489     0x226c CMakeFiles/ws2812_board.elf.dir/Drivers/STM32F0xx_HAL_Driver/Src/stm32f0xx_hal_uart.c.obj
 .debug_line    0x000146f5      0x78c CMakeFiles/ws2812_board.elf.dir/UserFile/OLED/oled.c.obj
 .debug_line    0x00014e81      0x436 CMakeFiles/ws2812_board.elf.dir/UserFile/ws2812b.c.obj
 .debug_line    0x000152b7       0xc0 CMakeFiles/ws2812_board.elf.dir/startup/startup_stm32f070x6.s.obj

.debug_str      0x00000000     0x4ec8
 .debug_str     0x00000000      0x395 CMakeFiles/ws2812_board.elf.dir/Core/Src/dma.c.obj
                                0x3d7 (size before relaxing)
 .debug_str     0x00000395      0x10c CMakeFiles/ws2812_board.elf.dir/Core/Src/gpio.c.obj
                                0x325 (size before relaxing)
 .debug_str     0x000004a1      0x52c CMakeFiles/ws2812_board.elf.dir/Core/Src/i2c.c.obj
                                0x845 (size before relaxing)
 .debug_str     0x000009cd      0x5c2 CMakeFiles/ws2812_board.elf.dir/Core/Src/main.c.obj
                                0xa07 (size before relaxing)
 .debug_str     0x00000f8f      0x242 CMakeFiles/ws2812_board.elf.dir/Core/Src/spi.c.obj
                                0x74e (size before relaxing)
 .debug_str     0x000011d1       0x58 CMakeFiles/ws2812_board.elf.dir/Core/Src/stm32f0xx_hal_msp.c.obj
                                0x25c (size before relaxing)
 .debug_str     0x00001229       0xfe CMakeFiles/ws2812_board.elf.dir/Core/Src/stm32f0xx_it.c.obj
                                0x762 (size before relaxing)
 .debug_str     0x00001327       0xc5 CMakeFiles/ws2812_board.elf.dir/Core/Src/system_stm32f0xx.c.obj
                                0x2d4 (size before relaxing)
 .debug_str     0x000013ec      0x235 CMakeFiles/ws2812_board.elf.dir/Core/Src/tim.c.obj
                                0xb9f (size before relaxing)
 .debug_str     0x00001621      0x223 CMakeFiles/ws2812_board.elf.dir/Core/Src/usart.c.obj
                                0x780 (size before relaxing)
 .debug_str     0x00001844      0x2c8 CMakeFiles/ws2812_board.elf.dir/Drivers/STM32F0xx_HAL_Driver/Src/stm32f0xx_hal.c.obj
                                0x6dd (size before relaxing)
 .debug_str     0x00001b0c      0x286 CMakeFiles/ws2812_board.elf.dir/Drivers/STM32F0xx_HAL_Driver/Src/stm32f0xx_hal_cortex.c.obj
                                0x628 (size before relaxing)
 .debug_str     0x00001d92      0x24f CMakeFiles/ws2812_board.elf.dir/Drivers/STM32F0xx_HAL_Driver/Src/stm32f0xx_hal_dma.c.obj
                                0x67a (size before relaxing)
 .debug_str     0x00001fe1      0x13d CMakeFiles/ws2812_board.elf.dir/Drivers/STM32F0xx_HAL_Driver/Src/stm32f0xx_hal_gpio.c.obj
                                0x457 (size before relaxing)
 .debug_str     0x0000211e      0x8a3 CMakeFiles/ws2812_board.elf.dir/Drivers/STM32F0xx_HAL_Driver/Src/stm32f0xx_hal_i2c.c.obj
                                0xfd2 (size before relaxing)
 .debug_str     0x000029c1       0xb5 CMakeFiles/ws2812_board.elf.dir/Drivers/STM32F0xx_HAL_Driver/Src/stm32f0xx_hal_i2c_ex.c.obj
                                0x809 (size before relaxing)
 .debug_str     0x00002a76      0x1f7 CMakeFiles/ws2812_board.elf.dir/Drivers/STM32F0xx_HAL_Driver/Src/stm32f0xx_hal_rcc.c.obj
                                0x6b8 (size before relaxing)
 .debug_str     0x00002c6d       0xc3 CMakeFiles/ws2812_board.elf.dir/Drivers/STM32F0xx_HAL_Driver/Src/stm32f0xx_hal_rcc_ex.c.obj
                                0x44e (size before relaxing)
 .debug_str     0x00002d30      0x56d CMakeFiles/ws2812_board.elf.dir/Drivers/STM32F0xx_HAL_Driver/Src/stm32f0xx_hal_spi.c.obj
                                0xc14 (size before relaxing)
 .debug_str     0x0000329d      0xdf6 CMakeFiles/ws2812_board.elf.dir/Drivers/STM32F0xx_HAL_Driver/Src/stm32f0xx_hal_tim.c.obj
                               0x168f (size before relaxing)
 .debug_str     0x00004093      0x579 CMakeFiles/ws2812_board.elf.dir/Drivers/STM32F0xx_HAL_Driver/Src/stm32f0xx_hal_tim_ex.c.obj
                                0xeb9 (size before relaxing)
 .debug_str     0x0000460c      0x727 CMakeFiles/ws2812_board.elf.dir/Drivers/STM32F0xx_HAL_Driver/Src/stm32f0xx_hal_uart.c.obj
                                0xe9a (size before relaxing)
 .debug_str     0x00004d33       0xca CMakeFiles/ws2812_board.elf.dir/UserFile/OLED/oled.c.obj
                                0x74c (size before relaxing)
 .debug_str     0x00004dfd       0x70 CMakeFiles/ws2812_board.elf.dir/UserFile/ws2812b.c.obj
                                0x766 (size before relaxing)
 .debug_str     0x00004e6d       0x5b CMakeFiles/ws2812_board.elf.dir/startup/startup_stm32f070x6.s.obj
                                 0x9c (size before relaxing)

.comment        0x00000000       0x4d
 .comment       0x00000000       0x4d CMakeFiles/ws2812_board.elf.dir/Core/Src/dma.c.obj
                                 0x4e (size before relaxing)
 .comment       0x0000004d       0x4e CMakeFiles/ws2812_board.elf.dir/Core/Src/gpio.c.obj
 .comment       0x0000004d       0x4e CMakeFiles/ws2812_board.elf.dir/Core/Src/i2c.c.obj
 .comment       0x0000004d       0x4e CMakeFiles/ws2812_board.elf.dir/Core/Src/main.c.obj
 .comment       0x0000004d       0x4e CMakeFiles/ws2812_board.elf.dir/Core/Src/spi.c.obj
 .comment       0x0000004d       0x4e CMakeFiles/ws2812_board.elf.dir/Core/Src/stm32f0xx_hal_msp.c.obj
 .comment       0x0000004d       0x4e CMakeFiles/ws2812_board.elf.dir/Core/Src/stm32f0xx_it.c.obj
 .comment       0x0000004d       0x4e CMakeFiles/ws2812_board.elf.dir/Core/Src/system_stm32f0xx.c.obj
 .comment       0x0000004d       0x4e CMakeFiles/ws2812_board.elf.dir/Core/Src/tim.c.obj
 .comment       0x0000004d       0x4e CMakeFiles/ws2812_board.elf.dir/Core/Src/usart.c.obj
 .comment       0x0000004d       0x4e CMakeFiles/ws2812_board.elf.dir/Drivers/STM32F0xx_HAL_Driver/Src/stm32f0xx_hal.c.obj
 .comment       0x0000004d       0x4e CMakeFiles/ws2812_board.elf.dir/Drivers/STM32F0xx_HAL_Driver/Src/stm32f0xx_hal_cortex.c.obj
 .comment       0x0000004d       0x4e CMakeFiles/ws2812_board.elf.dir/Drivers/STM32F0xx_HAL_Driver/Src/stm32f0xx_hal_dma.c.obj
 .comment       0x0000004d       0x4e CMakeFiles/ws2812_board.elf.dir/Drivers/STM32F0xx_HAL_Driver/Src/stm32f0xx_hal_gpio.c.obj
 .comment       0x0000004d       0x4e CMakeFiles/ws2812_board.elf.dir/Drivers/STM32F0xx_HAL_Driver/Src/stm32f0xx_hal_i2c.c.obj
 .comment       0x0000004d       0x4e CMakeFiles/ws2812_board.elf.dir/Drivers/STM32F0xx_HAL_Driver/Src/stm32f0xx_hal_i2c_ex.c.obj
 .comment       0x0000004d       0x4e CMakeFiles/ws2812_board.elf.dir/Drivers/STM32F0xx_HAL_Driver/Src/stm32f0xx_hal_rcc.c.obj
 .comment       0x0000004d       0x4e CMakeFiles/ws2812_board.elf.dir/Drivers/STM32F0xx_HAL_Driver/Src/stm32f0xx_hal_rcc_ex.c.obj
 .comment       0x0000004d       0x4e CMakeFiles/ws2812_board.elf.dir/Drivers/STM32F0xx_HAL_Driver/Src/stm32f0xx_hal_spi.c.obj
 .comment       0x0000004d       0x4e CMakeFiles/ws2812_board.elf.dir/Drivers/STM32F0xx_HAL_Driver/Src/stm32f0xx_hal_tim.c.obj
 .comment       0x0000004d       0x4e CMakeFiles/ws2812_board.elf.dir/Drivers/STM32F0xx_HAL_Driver/Src/stm32f0xx_hal_tim_ex.c.obj
 .comment       0x0000004d       0x4e CMakeFiles/ws2812_board.elf.dir/Drivers/STM32F0xx_HAL_Driver/Src/stm32f0xx_hal_uart.c.obj
 .comment       0x0000004d       0x4e CMakeFiles/ws2812_board.elf.dir/UserFile/OLED/oled.c.obj
 .comment       0x0000004d       0x4e CMakeFiles/ws2812_board.elf.dir/UserFile/ws2812b.c.obj

.debug_frame    0x00000000     0x3078
 .debug_frame   0x00000000       0x28 CMakeFiles/ws2812_board.elf.dir/Core/Src/dma.c.obj
 .debug_frame   0x00000028       0x2c CMakeFiles/ws2812_board.elf.dir/Core/Src/gpio.c.obj
 .debug_frame   0x00000054       0x5c CMakeFiles/ws2812_board.elf.dir/Core/Src/i2c.c.obj
 .debug_frame   0x000000b0       0x54 CMakeFiles/ws2812_board.elf.dir/Core/Src/main.c.obj
 .debug_frame   0x00000104       0x5c CMakeFiles/ws2812_board.elf.dir/Core/Src/spi.c.obj
 .debug_frame   0x00000160       0x24 CMakeFiles/ws2812_board.elf.dir/Core/Src/stm32f0xx_hal_msp.c.obj
 .debug_frame   0x00000184       0x98 CMakeFiles/ws2812_board.elf.dir/Core/Src/stm32f0xx_it.c.obj
 .debug_frame   0x0000021c       0x38 CMakeFiles/ws2812_board.elf.dir/Core/Src/system_stm32f0xx.c.obj
 .debug_frame   0x00000254       0x78 CMakeFiles/ws2812_board.elf.dir/Core/Src/tim.c.obj
 .debug_frame   0x000002cc       0x5c CMakeFiles/ws2812_board.elf.dir/Core/Src/usart.c.obj
 .debug_frame   0x00000328      0x1ac CMakeFiles/ws2812_board.elf.dir/Drivers/STM32F0xx_HAL_Driver/Src/stm32f0xx_hal.c.obj
 .debug_frame   0x000004d4       0xe4 CMakeFiles/ws2812_board.elf.dir/Drivers/STM32F0xx_HAL_Driver/Src/stm32f0xx_hal_cortex.c.obj
 .debug_frame   0x000005b8      0x168 CMakeFiles/ws2812_board.elf.dir/Drivers/STM32F0xx_HAL_Driver/Src/stm32f0xx_hal_dma.c.obj
 .debug_frame   0x00000720       0xc8 CMakeFiles/ws2812_board.elf.dir/Drivers/STM32F0xx_HAL_Driver/Src/stm32f0xx_hal_gpio.c.obj
 .debug_frame   0x000007e8      0x860 CMakeFiles/ws2812_board.elf.dir/Drivers/STM32F0xx_HAL_Driver/Src/stm32f0xx_hal_i2c.c.obj
 .debug_frame   0x00001048       0x78 CMakeFiles/ws2812_board.elf.dir/Drivers/STM32F0xx_HAL_Driver/Src/stm32f0xx_hal_i2c_ex.c.obj
 .debug_frame   0x000010c0      0x13c CMakeFiles/ws2812_board.elf.dir/Drivers/STM32F0xx_HAL_Driver/Src/stm32f0xx_hal_rcc.c.obj
 .debug_frame   0x000011fc       0x58 CMakeFiles/ws2812_board.elf.dir/Drivers/STM32F0xx_HAL_Driver/Src/stm32f0xx_hal_rcc_ex.c.obj
 .debug_frame   0x00001254      0x5a4 CMakeFiles/ws2812_board.elf.dir/Drivers/STM32F0xx_HAL_Driver/Src/stm32f0xx_hal_spi.c.obj
 .debug_frame   0x000017f8      0xadc CMakeFiles/ws2812_board.elf.dir/Drivers/STM32F0xx_HAL_Driver/Src/stm32f0xx_hal_tim.c.obj
 .debug_frame   0x000022d4      0x418 CMakeFiles/ws2812_board.elf.dir/Drivers/STM32F0xx_HAL_Driver/Src/stm32f0xx_hal_tim_ex.c.obj
 .debug_frame   0x000026ec      0x5b4 CMakeFiles/ws2812_board.elf.dir/Drivers/STM32F0xx_HAL_Driver/Src/stm32f0xx_hal_uart.c.obj
 .debug_frame   0x00002ca0      0x168 CMakeFiles/ws2812_board.elf.dir/UserFile/OLED/oled.c.obj
 .debug_frame   0x00002e08       0x60 CMakeFiles/ws2812_board.elf.dir/UserFile/ws2812b.c.obj
 .debug_frame   0x00002e68       0x20 c:/progra~2/gnuarm~1/102020~1/bin/../lib/gcc/arm-none-eabi/10.2.1/thumb/v6-m/nofp\libgcc.a(_udivsi3.o)
 .debug_frame   0x00002e88       0x2c c:/progra~2/gnuarm~1/102020~1/bin/../lib/gcc/arm-none-eabi/10.2.1/../../../../arm-none-eabi/lib/thumb/v6-m/nofp\libg.a(lib_a-init.o)
 .debug_frame   0x00002eb4       0x30 c:/progra~2/gnuarm~1/102020~1/bin/../lib/gcc/arm-none-eabi/10.2.1/../../../../arm-none-eabi/lib/thumb/v6-m/nofp\libg.a(lib_a-memset.o)
 .debug_frame   0x00002ee4       0x54 c:/progra~2/gnuarm~1/102020~1/bin/../lib/gcc/arm-none-eabi/10.2.1/../../../../arm-none-eabi/lib/thumb/v6-m/nofp\libg.a(lib_a-__call_atexit.o)
 .debug_frame   0x00002f38       0x28 c:/progra~2/gnuarm~1/102020~1/bin/../lib/gcc/arm-none-eabi/10.2.1/../../../../arm-none-eabi/lib/thumb/v6-m/nofp\libg.a(lib_a-atexit.o)
 .debug_frame   0x00002f60       0x2c c:/progra~2/gnuarm~1/102020~1/bin/../lib/gcc/arm-none-eabi/10.2.1/../../../../arm-none-eabi/lib/thumb/v6-m/nofp\libg.a(lib_a-fini.o)
 .debug_frame   0x00002f8c       0xb0 c:/progra~2/gnuarm~1/102020~1/bin/../lib/gcc/arm-none-eabi/10.2.1/../../../../arm-none-eabi/lib/thumb/v6-m/nofp\libg.a(lib_a-lock.o)
 .debug_frame   0x0000303c       0x3c c:/progra~2/gnuarm~1/102020~1/bin/../lib/gcc/arm-none-eabi/10.2.1/../../../../arm-none-eabi/lib/thumb/v6-m/nofp\libg.a(lib_a-__atexit.o)

.debug_loc      0x00000000    0x12175
 .debug_loc     0x00000000       0x91 CMakeFiles/ws2812_board.elf.dir/Core/Src/i2c.c.obj
 .debug_loc     0x00000091       0x31 CMakeFiles/ws2812_board.elf.dir/Core/Src/main.c.obj
 .debug_loc     0x000000c2       0x81 CMakeFiles/ws2812_board.elf.dir/Core/Src/spi.c.obj
 .debug_loc     0x00000143      0x14a CMakeFiles/ws2812_board.elf.dir/Core/Src/system_stm32f0xx.c.obj
 .debug_loc     0x0000028d       0xd7 CMakeFiles/ws2812_board.elf.dir/Core/Src/tim.c.obj
 .debug_loc     0x00000364       0x81 CMakeFiles/ws2812_board.elf.dir/Core/Src/usart.c.obj
 .debug_loc     0x000003e5      0x141 CMakeFiles/ws2812_board.elf.dir/Drivers/STM32F0xx_HAL_Driver/Src/stm32f0xx_hal.c.obj
 .debug_loc     0x00000526      0x433 CMakeFiles/ws2812_board.elf.dir/Drivers/STM32F0xx_HAL_Driver/Src/stm32f0xx_hal_cortex.c.obj
 .debug_loc     0x00000959      0x91b CMakeFiles/ws2812_board.elf.dir/Drivers/STM32F0xx_HAL_Driver/Src/stm32f0xx_hal_dma.c.obj
 .debug_loc     0x00001274      0x37b CMakeFiles/ws2812_board.elf.dir/Drivers/STM32F0xx_HAL_Driver/Src/stm32f0xx_hal_gpio.c.obj
 .debug_loc     0x000015ef     0x4aae CMakeFiles/ws2812_board.elf.dir/Drivers/STM32F0xx_HAL_Driver/Src/stm32f0xx_hal_i2c.c.obj
 .debug_loc     0x0000609d      0x152 CMakeFiles/ws2812_board.elf.dir/Drivers/STM32F0xx_HAL_Driver/Src/stm32f0xx_hal_i2c_ex.c.obj
 .debug_loc     0x000061ef      0x5f9 CMakeFiles/ws2812_board.elf.dir/Drivers/STM32F0xx_HAL_Driver/Src/stm32f0xx_hal_rcc.c.obj
 .debug_loc     0x000067e8      0x543 CMakeFiles/ws2812_board.elf.dir/Drivers/STM32F0xx_HAL_Driver/Src/stm32f0xx_hal_rcc_ex.c.obj
 .debug_loc     0x00006d2b     0x1f6e CMakeFiles/ws2812_board.elf.dir/Drivers/STM32F0xx_HAL_Driver/Src/stm32f0xx_hal_spi.c.obj
 .debug_loc     0x00008c99     0x4ef9 CMakeFiles/ws2812_board.elf.dir/Drivers/STM32F0xx_HAL_Driver/Src/stm32f0xx_hal_tim.c.obj
 .debug_loc     0x0000db92     0x1f42 CMakeFiles/ws2812_board.elf.dir/Drivers/STM32F0xx_HAL_Driver/Src/stm32f0xx_hal_tim_ex.c.obj
 .debug_loc     0x0000fad4     0x1e43 CMakeFiles/ws2812_board.elf.dir/Drivers/STM32F0xx_HAL_Driver/Src/stm32f0xx_hal_uart.c.obj
 .debug_loc     0x00011917      0x712 CMakeFiles/ws2812_board.elf.dir/UserFile/OLED/oled.c.obj
 .debug_loc     0x00012029      0x14c CMakeFiles/ws2812_board.elf.dir/UserFile/ws2812b.c.obj
